// Jest Snapshot v1, https://goo.gl/fbAQLP

exports[`renders without errors 1`] = `
<ul
  className="css-1hv5ft3"
>
  <a
    aria-current={null}
    className="css-xd43de"
    href="/home"
    onClick={[Function]}
  />
  <div>
    <a
      aria-current={null}
      className="css-1iavrx4"
      href="/home"
      onClick={[Function]}
    >
      Home
    </a>
    <a
      aria-current={null}
      className="css-1iavrx4"
      href="/about"
      onClick={[Function]}
    >
      About
    </a>
    <a
      aria-current={null}
      className="css-1iavrx4"
      href="/users"
      onClick={[Function]}
    >
      Users
    </a>
  </div>
</ul>
`;
